// Jest Snapshot v1, https://goo.gl/fbAQLP

exports[`GridContainer renders loading state 1`] = `
<p>
  Loading...
</p>
`;

exports[`GridContainer renders without crashing 1`] = `
<GridPage
  currentPlayer="NAUGHT"
  grid={
    Array [
      Array [
        Object {
          "id": "0_0",
          "player": null,
        },
        Object {
          "id": "0_1",
          "player": null,
        },
        Object {
          "id": "0_2",
          "player": null,
        },
      ],
      Array [
        Object {
          "id": "1_0",
          "player": null,
        },
        Object {
          "id": "1_1",
          "player": null,
        },
        Object {
          "id": "1_2",
          "player": null,
        },
      ],
      Array [
        Object {
          "id": "2_0",
          "player": null,
        },
        Object {
          "id": "2_1",
          "player": null,
        },
        Object {
          "id": "2_2",
          "player": null,
        },
      ],
    ]
  }
  isDraw={false}
  onItemClick={[Function]}
  size={9}
/>
`;
