// Jest Snapshot v1, https://goo.gl/fbAQLP

exports[`GridItem should render 1`] = `
<div
  className="root"
  onClick={[Function]}
>
  <span>
    Â 
  </span>
</div>
`;

exports[`GridItem should render CROSS 1`] = `
<div
  className="cross root"
  onClick={[Function]}
>
  <span>
    x
  </span>
</div>
`;

exports[`GridItem should render NAUGHT 1`] = `
<div
  className="naught root"
  onClick={[Function]}
>
  <span>
    o
  </span>
</div>
`;
